<html>
<body>
<pre>
<h1>µVision Build Log</h1>
<h2>Tool Versions:</h2>
IDE-Version: ¦ÌVision V5.34.0.0
Copyright (C) 2021 ARM Ltd and ARM Germany GmbH. All rights reserved.
License Information: 1 1, 1, LIC=DSNXV-PNEJI-5B5EB-2LWW9-ANN0E-L3AH8
 
Tool Versions:
Toolchain:       MDK-ARM Professional  Version: 5.34.0.0
Toolchain Path:  D:\Keil_v5\ARM\ARMCC\Bin
C Compiler:      Armcc.exe V5.06 update 7 (build 960)
Assembler:       Armasm.exe V5.06 update 7 (build 960)
Linker/Locator:  ArmLink.exe V5.06 update 7 (build 960)
Library Manager: ArmAr.exe V5.06 update 7 (build 960)
Hex Converter:   FromElf.exe V5.06 update 7 (build 960)
CPU DLL:         SARMCM3.DLL V5.34.0.0
Dialog DLL:      DCM.DLL V1.17.3.0
Target DLL:      STLink\ST-LINKIII-KEIL_SWO.dll V3.0.8.0
Dialog DLL:      TCM.DLL V1.48.0.0
 
<h2>Project:</h2>
D:\the_five_with_remote_up\MDK-ARM\the_five_with_remote_up.uvprojx
Project File Date:  10/01/2024

<h2>Output:</h2>
*** Using Compiler 'V5.06 update 7 (build 960)', folder: 'D:\Keil_v5\ARM\ARMCC\Bin'
Rebuild target 'the_five_with_remote_up'
assembling startup_stm32f407xx.s...
compiling gpio.c...
compiling stm32f4xx_hal_rcc_ex.c...
compiling stm32f4xx_hal_flash.c...
compiling stm32f4xx_hal_msp.c...
compiling usart.c...
compiling stm32f4xx_hal_timebase_tim.c...
compiling stm32f4xx_it.c...
compiling can.c...
compiling stm32f4xx_hal_can.c...
compiling dma.c...
compiling stm32f4xx_hal_rcc.c...
compiling main.c...
..\user\dbus.h(112): warning:  #1-D: last line of file ends without a newline
  #endif /*__ DBUS_H__ */
../Core/Src/main.c(140): warning:  #174-D: expression has no effect
  		set_spd1=-vx*0.5*a+vy*0.5*a+w*r;//m1
../Core/Src/main.c(141): warning:  #174-D: expression has no effect
  		set_spd2=-vx*0.5*a-vy*0.5*a+w*r;//m2
../Core/Src/main.c(142): warning:  #174-D: expression has no effect
  		set_spd3=vx*0.5*a-vy*0.5*a+w*r;//m3
../Core/Src/main.c(143): warning:  #174-D: expression has no effect
  		set_spd4=vx*0.5*a+vy*0.5*a+w*r;//m4
../Core/Src/main.c(84): warning:  #177-D: variable "SendBuffer"  was declared but never referenced
  	const uint8_t SendBuffer[4]={0x03,0xFC,0xFC,0x03};  // Ö¡Í·
../Core/Src/main.c: 6 warnings, 0 errors
compiling freertos.c...
..\user\dbus.h(112): warning:  #1-D: last line of file ends without a newline
  #endif /*__ DBUS_H__ */
../Core/Src/freertos.c: 1 warning, 0 errors
compiling stm32f4xx_hal_pwr_ex.c...
compiling stm32f4xx_hal_flash_ramfunc.c...
compiling stm32f4xx_hal_flash_ex.c...
compiling stm32f4xx_hal_dma.c...
compiling stm32f4xx_hal_exti.c...
compiling croutine.c...
compiling stm32f4xx_hal_pwr.c...
compiling stm32f4xx_hal_gpio.c...
compiling list.c...
compiling event_groups.c...
compiling stm32f4xx_hal_dma_ex.c...
compiling stm32f4xx_hal.c...
compiling timers.c...
compiling stm32f4xx_hal_cortex.c...
compiling stream_buffer.c...
compiling heap_4.c...
compiling queue.c...
compiling stm32f4xx_hal_tim_ex.c...
compiling port.c...
compiling tasks.c...
compiling cmsis_os.c...
compiling stm32f4xx_hal_uart.c...
compiling stm32f4xx_hal_tim.c...
compiling system_stm32f4xx.c...
compiling dbus.c...
..\user\dbus.h(112): warning:  #1-D: last line of file ends without a newline
  #endif /*__ DBUS_H__ */
..\user\dbus.c(95): warning:  #1-D: last line of file ends without a newline
  }
..\user\dbus.c: 2 warnings, 0 errors
compiling PID.c...
compiling BSP_CAN.c...
linking...
Program Size: Code=12330 RO-data=458 RW-data=108 ZI-data=2812  
FromELF: creating hex file...
"the_five_with_remote_up\the_five_with_remote_up.axf" - 0 Error(s), 9 Warning(s).

<h2>Software Packages used:</h2>

Package Vendor: ARM
                http://www.keil.com/pack/ARM.CMSIS.5.7.0.pack
                ARM.CMSIS.5.7.0
                CMSIS (Cortex Microcontroller Software Interface Standard)
   * Component: CORE Version: 5.4.0

Package Vendor: Keil
                https://www.keil.com/pack/Keil.STM32F4xx_DFP.2.17.1.pack
                Keil.STM32F4xx_DFP.2.17.1
                STMicroelectronics STM32F4 Series Device Support, Drivers and Examples

<h2>Collection of Component include folders:</h2>
  .\RTE\_the_five_with_remote_up
  D:\Keil_v5\Arm\Packs\ARM\CMSIS\5.7.0\CMSIS\Core\Include
  D:\Keil_v5\Arm\Packs\Keil\STM32F4xx_DFP\2.17.1\Drivers\CMSIS\Device\ST\STM32F4xx\Include

<h2>Collection of Component Files used:</h2>

   * Component: ARM::CMSIS:CORE:5.4.0
      Include file:  CMSIS\Core\Include\tz_context.h
Build Time Elapsed:  00:00:09
</pre>
</body>
</html>
